<?xml version="1.0" encoding="utf-8"?>
<TestRun id="22db0100-2784-42f8-9a3c-8ad7bcd5dc69" name="Frank.Doyle@SCINTNB303 2025-02-11 11:03:39" runUser="STAFFCARE\Frank.Doyle" xmlns="http://microsoft.com/schemas/VisualStudio/TeamTest/2010">
  <Times creation="2025-02-11T11:03:39.4545228+00:00" queuing="2025-02-11T11:03:39.4545232+00:00" start="2025-02-11T11:03:32.8946897+00:00" finish="2025-02-11T11:03:40.5374999+00:00" />
  <TestSettings name="default" id="5163da04-4759-407d-9c37-f4f6ce9d3b4c">
    <Deployment runDeploymentRoot="Frank.Doyle_SCINTNB303_2025-02-11_11_03_39" />
  </TestSettings>
  <Results>
    <UnitTestResult executionId="5744d79e-fb82-447c-b131-214df8ba3c3b" testId="2dedeb5e-20c7-372d-9664-0b95770e5fa7" testName="HomepageLoadsCorrectly" computerName="SCINTNB303" duration="00:00:00.3424160" startTime="2025-02-11T11:03:40.1362445+00:00" endTime="2025-02-11T11:03:40.4786522+00:00" testType="13cdc9d9-ddb5-4fa4-a97d-d965ccfc6d4b" outcome="Failed" testListId="8c84fa94-04c1-424b-9868-57a2d4851a1d" relativeResultsDirectory="5744d79e-fb82-447c-b131-214df8ba3c3b">
      <Output>
        <ErrorInfo>
          <Message>  Expected: String containing "Structured Learning Plan for Web Application Development"&#xD;
  But was:  "Site not found · GitHub Pages"&#xD;
</Message>
          <StackTrace>   at PlaywrightTests.PlaywrightTests.HomepageLoadsCorrectly() in C:\Source\Repos\CSharpLearning\tests\UnitTest1.cs:line 42&#xD;
   at NUnit.Framework.Internal.TaskAwaitAdapter.GenericAdapter`1.BlockUntilCompleted()&#xD;
   at NUnit.Framework.Internal.MessagePumpStrategy.NoMessagePumpStrategy.WaitForCompletion(AwaitAdapter awaiter)&#xD;
   at NUnit.Framework.Internal.AsyncToSyncAdapter.Await(Func`1 invoke)&#xD;
   at NUnit.Framework.Internal.Commands.TestMethodCommand.RunTestMethod(TestExecutionContext context)&#xD;
   at NUnit.Framework.Internal.Commands.TestMethodCommand.Execute(TestExecutionContext context)&#xD;
   at NUnit.Framework.Internal.Commands.BeforeAndAfterTestCommand.&lt;&gt;c__DisplayClass1_0.&lt;Execute&gt;b__0()&#xD;
   at NUnit.Framework.Internal.Commands.BeforeAndAfterTestCommand.RunTestMethodInThreadAbortSafeZone(TestExecutionContext context, Action action)&#xD;

1)    at PlaywrightTests.PlaywrightTests.HomepageLoadsCorrectly() in C:\Source\Repos\CSharpLearning\tests\UnitTest1.cs:line 42&#xD;

</StackTrace>
        </ErrorInfo>
      </Output>
    </UnitTestResult>
    <UnitTestResult executionId="d5ce379b-d2fd-4e69-aee0-ad00f8b456d6" testId="75d0d45c-f981-9786-d26d-6d0cfdaad7da" testName="CheckResourceLinksWork" computerName="SCINTNB303" duration="00:00:00.3687710" startTime="2025-02-11T11:03:39.7674521+00:00" endTime="2025-02-11T11:03:40.1362144+00:00" testType="13cdc9d9-ddb5-4fa4-a97d-d965ccfc6d4b" outcome="Passed" testListId="8c84fa94-04c1-424b-9868-57a2d4851a1d" relativeResultsDirectory="d5ce379b-d2fd-4e69-aee0-ad00f8b456d6" />
    <UnitTestResult executionId="a942e835-066f-4f3d-8b91-b53e7872ced8" testId="8e880dda-5f12-2912-581b-c0b3366096f3" testName="CheckboxFunctionality" computerName="SCINTNB303" duration="00:00:06.0569220" startTime="2025-02-11T11:03:33.3649188+00:00" endTime="2025-02-11T11:03:39.4216611+00:00" testType="13cdc9d9-ddb5-4fa4-a97d-d965ccfc6d4b" outcome="Passed" testListId="8c84fa94-04c1-424b-9868-57a2d4851a1d" relativeResultsDirectory="a942e835-066f-4f3d-8b91-b53e7872ced8" />
    <UnitTestResult executionId="06e61b33-cfbe-4b15-839f-ecd201f06523" testId="5dd0c710-0bd2-4f66-9518-c88b66b2fe27" testName="CheckPhaseHeadingsExist" computerName="SCINTNB303" duration="00:00:00.3441770" startTime="2025-02-11T11:03:39.4232237+00:00" endTime="2025-02-11T11:03:39.7673924+00:00" testType="13cdc9d9-ddb5-4fa4-a97d-d965ccfc6d4b" outcome="Passed" testListId="8c84fa94-04c1-424b-9868-57a2d4851a1d" relativeResultsDirectory="06e61b33-cfbe-4b15-839f-ecd201f06523" />
  </Results>
  <TestDefinitions>
    <UnitTest name="HomepageLoadsCorrectly" storage="c:\source\repos\csharplearning\tests\bin\debug\net8.0\tests.dll" id="2dedeb5e-20c7-372d-9664-0b95770e5fa7">
      <Execution id="5744d79e-fb82-447c-b131-214df8ba3c3b" />
      <TestMethod codeBase="C:\Source\Repos\CSharpLearning\tests\bin\Debug\net8.0\tests.dll" adapterTypeName="executor://nunit3testexecutor/" className="PlaywrightTests.PlaywrightTests" name="HomepageLoadsCorrectly" />
    </UnitTest>
    <UnitTest name="CheckResourceLinksWork" storage="c:\source\repos\csharplearning\tests\bin\debug\net8.0\tests.dll" id="75d0d45c-f981-9786-d26d-6d0cfdaad7da">
      <Execution id="d5ce379b-d2fd-4e69-aee0-ad00f8b456d6" />
      <TestMethod codeBase="C:\Source\Repos\CSharpLearning\tests\bin\Debug\net8.0\tests.dll" adapterTypeName="executor://nunit3testexecutor/" className="PlaywrightTests.PlaywrightTests" name="CheckResourceLinksWork" />
    </UnitTest>
    <UnitTest name="CheckboxFunctionality" storage="c:\source\repos\csharplearning\tests\bin\debug\net8.0\tests.dll" id="8e880dda-5f12-2912-581b-c0b3366096f3">
      <Execution id="a942e835-066f-4f3d-8b91-b53e7872ced8" />
      <TestMethod codeBase="C:\Source\Repos\CSharpLearning\tests\bin\Debug\net8.0\tests.dll" adapterTypeName="executor://nunit3testexecutor/" className="PlaywrightTests.PlaywrightTests" name="CheckboxFunctionality" />
    </UnitTest>
    <UnitTest name="CheckPhaseHeadingsExist" storage="c:\source\repos\csharplearning\tests\bin\debug\net8.0\tests.dll" id="5dd0c710-0bd2-4f66-9518-c88b66b2fe27">
      <Execution id="06e61b33-cfbe-4b15-839f-ecd201f06523" />
      <TestMethod codeBase="C:\Source\Repos\CSharpLearning\tests\bin\Debug\net8.0\tests.dll" adapterTypeName="executor://nunit3testexecutor/" className="PlaywrightTests.PlaywrightTests" name="CheckPhaseHeadingsExist" />
    </UnitTest>
  </TestDefinitions>
  <TestEntries>
    <TestEntry testId="2dedeb5e-20c7-372d-9664-0b95770e5fa7" executionId="5744d79e-fb82-447c-b131-214df8ba3c3b" testListId="8c84fa94-04c1-424b-9868-57a2d4851a1d" />
    <TestEntry testId="75d0d45c-f981-9786-d26d-6d0cfdaad7da" executionId="d5ce379b-d2fd-4e69-aee0-ad00f8b456d6" testListId="8c84fa94-04c1-424b-9868-57a2d4851a1d" />
    <TestEntry testId="8e880dda-5f12-2912-581b-c0b3366096f3" executionId="a942e835-066f-4f3d-8b91-b53e7872ced8" testListId="8c84fa94-04c1-424b-9868-57a2d4851a1d" />
    <TestEntry testId="5dd0c710-0bd2-4f66-9518-c88b66b2fe27" executionId="06e61b33-cfbe-4b15-839f-ecd201f06523" testListId="8c84fa94-04c1-424b-9868-57a2d4851a1d" />
  </TestEntries>
  <TestLists>
    <TestList name="Results Not in a List" id="8c84fa94-04c1-424b-9868-57a2d4851a1d" />
    <TestList name="All Loaded Results" id="19431567-8539-422a-85d7-44ee4e166bda" />
  </TestLists>
  <ResultSummary outcome="Failed">
    <Counters total="4" executed="4" passed="3" failed="1" error="0" timeout="0" aborted="0" inconclusive="0" passedButRunAborted="0" notRunnable="0" notExecuted="0" disconnected="0" warning="0" completed="0" inProgress="0" pending="0" />
    <Output>
      <StdOut>NUnit Adapter 4.6.0.0: Test execution started&#xD;
Running all tests in C:\Source\Repos\CSharpLearning\tests\bin\Debug\net8.0\tests.dll&#xD;
   NUnit3TestExecutor discovered 4 of 4 NUnit test cases using Current Discovery mode, Non-Explicit run&#xD;
NUnit Adapter 4.6.0.0: Test execution complete&#xD;
</StdOut>
    </Output>
  </ResultSummary>
</TestRun>